# 픽스처 전 사이클 강제발화 로그 — mindvirus-defense kit
# verify → 변조 → ALERT → 재발화억제 → 역할게이트 거부 → 재서명 → 【해소】 → CLEAN
# 실행 2026-08-21T07:52:24+0900 · Darwin 25.6.0 arm64 · Python 3.14.7 · bash 3.2.57(1)-release
# ※ 경로 표기만 치환했다(킷 경로→<KIT>, 홈→~, 임시디렉터리→<TMPDIR>).
#   판정·종료코드·건수는 실행 원본 그대로이고, 맨 아래 exit 는 실행 rc 를 그대로 기록한 것이다.

== canon cycle drill == 2026-08-21T07:52:24+0900
킷: <KIT>
픽스처: <TMPDIR>/tmp.GDkUljrIlh

[01] 부트스트랩 — canon-init.sh 가 protected.conf 를 인벤토리에서 파생하는가
   ✔ protected.conf 파생 5줄

[02] 베이스라인 없는 상태의 대조 — 조용히 통과하면 안 된다
   ✔ 판정 불가(exit 3)로 크게 실패 (rc=3)

[03] 인벤토리 전개 실측 — 무엇을 보고 있는지
   ✔ 대상 3개 전개(strict 1·append 1·watch 1)

[04] 최초 서명(부트스트랩) — 베이스라인 생성
   ✔ 서명 성공 (rc=0)
   ✔ baseline.tsv 3행

[05] 정상 상태 — CLEAN 이어야 한다
   ✔ verify CLEAN (rc=0)
   ✔ sentinel 무발화 (rc=0)
   ✔ 경보 0건(정상인데 울리면 경보 피로가 된다)

[06] ★변조 — strict 정본에 한 문단을 박는다(마인드바이러스의 형태)
   ✔ verify ALERT (rc=2)
   ✔ 판정 = MODIFIED

[07] 경보 발신 — 기대/실측 해시와 마지막 정당 서명이 본문에 실리는가
   ✔ sentinel ALERT (rc=2)
   ✔ 【경고】 1건 발신
   ✔ 기대 해시 포함
   ✔ 실측 해시 포함
   ✔ 마지막 정당 서명 시각 포함

[08] 재발화 억제 — 같은 상태를 다시 봐도 또 울리지 않는다
   ✔ 억제됨(여전히 1건)

[09] ★억제가 '아무것도 안 울림'이 아님을 증명 — 변조가 더 진행되면 새 경보가 나야 한다
   ✔ 새 지문 → 새 경보(2건) — 억제기가 눈이 먼 것이 아니다

[10] ★행위자 게이트 — 하위 노드는 재서명으로 경보를 닫을 수 없다
   ✔ role=worker-9 거부(exit 5) (rc=5)
   ✔ role=reviewer-x 거부(exit 5) (rc=5)
   ✔ 거부 후에도 경보 상태 유지(닫히지 않았다) (rc=2)

[11] 사유 없는 서명은 서명이 아니다
   ✔ --reason 누락 거부(exit 4) (rc=4)

[12] ★해소 ⑴ master 재서명 — 정당 박제로 닫는다
   ✔ 재서명 성공 (rc=0)
   ✔ verify CLEAN 복귀 (rc=0)
   ✔ sentinel 해소 push(rc=1) (rc=1)
   ✔ 【해소】 1건
   ✔ 경보 상태 파일 비었음(해소 판정 성립)
   ✔ 해소 후 재실행 무발화 (rc=0)

[13] 원장은 append-only 인가 — 첫 줄이 살아 있어야 한다
   ✔ 첫 서명 기록 보존
   ✔ 원장 4 행(전량 재기록 없이 누적)

[14] ★해소 ⑵ 원상복구 — 되돌리면 해시가 다시 맞는다
   ✔ 변조로 다시 ALERT (rc=2)
   ✔ 원상복구로 CLEAN(재서명 없이) (rc=0)

[15] append tier — 순수 추가는 NOTICE, 기존 내용 변경은 ALERT
   ✔ 순수 append = NOTICE (rc=1)
   ✔ 판정 = APPENDED
   ✔ 기존 내용 재기록 = ALERT (rc=2)
   ✔ 판정 = REWRITTEN

[16] watch tier — 새 기억 파일=NOTICE, 기존 기억 수정=ALERT, 삭제=ALERT
   ✔ 새 파일 = NOTICE (rc=1)
   ✔ 기존 기억 수정 = ALERT (rc=2)
   ✔ 삭제 = ALERT (rc=2)
   ✔ 정리 후 CLEAN (rc=0)

[17] ★층 ③ 가드 — 픽스처 정본 쓰기는 막고, 작업 파일 쓰기는 통과시킨다
   ✔ 정본 Write 차단 (rc=2)
   ✔ 정본 리다이렉션 차단 (rc=2)
   ✔ 작업 파일 Write 통과(과차단 없음) (rc=0)
   ✔ 정본 읽기 통과(읽기는 막지 않는다) (rc=0)

[18] ★attest 후 부트스트랩 세탁 봉쇄 — 베이스라인을 지워도 다시 못 찍는다
   ✔ attest 기록 (rc=0)
   ✔ 베이스라인 삭제 후 워커 재부트스트랩 거부(exit 5) (rc=5)
   ✔ 베이스라인이 다시 찍히지 않았다

[19] ★위 봉쇄가 attest 때문임을 증명 — attest 없는 새 픽스처에서는 허용된다
   ✔ attest 이력이 없으면 최초 촬영은 허용(대조군) (rc=0)

─────────────────────────────────────────
드릴 전건 통과 — 19 단계

exit=0
